[
    {
        "id": "US@Washington@Snohomish",
        "country": "US",
        "last_updated": "2020-05-30T09:19:06Z",
        "latest": {
            "confirmed": 31,
            "deaths": 1
        },
        "timelines": {
            "confirmed": {
                "latest": 31,
                "history": {
                    "2020-02-28T00:00:00Z": 0,
                    "2020-02-29T00:00:00Z": 1,
                    "2020-03-01T00:00:00Z": 2,
                    "2020-03-02T00:00:00Z": 4,
                    "2020-03-03T00:00:00Z": 6,
                    "2020-03-04T00:00:00Z": 8,
                    "2020-03-05T00:00:00Z": 18,
                    "2020-03-06T00:00:00Z": 19,
                    "2020-03-07T00:00:00Z": 27,
                    "2020-03-08T00:00:00Z": 31,
                    "2020-03-09T00:00:00Z": 31
                }
            },
            "deaths": {
                "latest": 1,
                "history": {
                    "2020-02-28T00:00:00Z": 0,
                    "2020-02-29T00:00:00Z": 0,
                    "2020-03-01T00:00:00Z": 0,
                    "2020-03-02T00:00:00Z": 1,
                    "2020-03-03T00:00:00Z": 1,
                    "2020-03-04T00:00:00Z": 1,
                    "2020-03-05T00:00:00Z": 1,
                    "2020-03-06T00:00:00Z": 1,
                    "2020-03-07T00:00:00Z": 1,
                    "2020-03-08T00:00:00Z": 1,
                    "2020-03-09T00:00:00Z": 1
                }
            }
        },
        "uid": "84053061",
        "iso2": "US",
        "iso3": "USA",
        "code3": "840",
        "state": "Washington",
        "county": "Snohomish",
        "fips": "53061.0",
        "latitude": "48.04615983",
        "longitude": "-121.7170703"
    },
    {
        "id": "US@Washington@King",
        "country": "US",
        "last_updated": "2020-05-30T09:19:06Z",
        "latest": {
            "confirmed": 83,
            "deaths": 17
        },
        "timelines": {
            "confirmed": {
                "latest": 83,
                "history": {
                    "2020-02-28T00:00:00Z": 1,
                    "2020-02-29T00:00:00Z": 6,
                    "2020-03-01T00:00:00Z": 9,
                    "2020-03-02T00:00:00Z": 14,
                    "2020-03-03T00:00:00Z": 21,
                    "2020-03-04T00:00:00Z": 31,
                    "2020-03-05T00:00:00Z": 51,
                    "2020-03-06T00:00:00Z": 58,
                    "2020-03-07T00:00:00Z": 71,
                    "2020-03-08T00:00:00Z": 83,
                    "2020-03-09T00:00:00Z": 83
                }
            },
            "deaths": {
                "latest": 17,
                "history": {
                    "2020-02-28T00:00:00Z": 0,
                    "2020-02-29T00:00:00Z": 1,
                    "2020-03-01T00:00:00Z": 1,
                    "2020-03-02T00:00:00Z": 5,
                    "2020-03-03T00:00:00Z": 6,
                    "2020-03-04T00:00:00Z": 9,
                    "2020-03-05T00:00:00Z": 10,
                    "2020-03-06T00:00:00Z": 12,
                    "2020-03-07T00:00:00Z": 15,
                    "2020-03-08T00:00:00Z": 17,
                    "2020-03-09T00:00:00Z": 17
                }
            }
        },
        "uid": "84053033",
        "iso2": "US",
        "iso3": "USA",
        "code3": "840",
        "state": "Washington",
        "county": "King",
        "fips": "53033.0",
        "latitude": "47.49137892",
        "longitude": "-121.8346131"
    },
    {
        "id": "US@Massachusetts@Suffolk",
        "country": "US",
        "last_updated": "2020-05-30T09:19:06Z",
        "latest": {
            "confirmed": 8,
            "deaths": 0
        },
        "timelines": {
            "confirmed": {
                "latest": 8,
                "history": {
                    "2020-02-28T00:00:00Z": 1,
                    "2020-02-29T00:00:00Z": 1,
                    "2020-03-01T00:00:00Z": 1,
                    "2020-03-02T00:00:00Z": 1,
                    "2020-03-03T00:00:00Z": 1,
                    "2020-03-04T00:00:00Z": 1,
                    "2020-03-05T00:00:00Z": 1,
                    "2020-03-06T00:00:00Z": 3,
                    "2020-03-07T00:00:00Z": 3,
                    "2020-03-08T00:00:00Z": 8,
                    "2020-03-09T00:00:00Z": 8
                }
            },
            "deaths": {
                "latest": 0,
                "history": {
                    "2020-02-28T00:00:00Z": 0,
                    "2020-02-29T00:00:00Z": 0,
                    "2020-03-01T00:00:00Z": 0,
                    "2020-03-02T00:00:00Z": 0,
                    "2020-03-03T00:00:00Z": 0,
                    "2020-03-04T00:00:00Z": 0,
                    "2020-03-05T00:00:00Z": 0,
                    "2020-03-06T00:00:00Z": 0,
                    "2020-03-07T00:00:00Z": 0,
                    "2020-03-08T00:00:00Z": 0,
                    "2020-03-09T00:00:00Z": 0
                }
            }
        },
        "uid": "84025025",
        "iso2": "US",
        "iso3": "USA",
        "code3": "840",
        "state": "Massachusetts",
        "county": "Suffolk",
        "fips": "25025",
        "latitude": "42.3279514",
        "longitude": "-71.07850442"
    }
]