{
    "error": "Invalid Data Source",
    "message": "The given datasource 'eee' is not valid."
}