{
    "latest":{
       "confirmed":11,
       "deaths":0
    },
    "locations":[
       {
          "id":"US@Washington@53",
          "country":"US",
          "state":"Washington",
          "county":"",
          "fips":"53",
          "last_updated":"2020-05-30",
          "latest":{
             "confirmed":1,
             "deaths":0
          }
       },
       {
          "id":"US@Illinois@17",
          "country":"US",
          "state":"Illinois",
          "county":"",
          "fips":"17",
          "last_updated":"2020-05-30",
          "latest":{
             "confirmed":2,
             "deaths":0
          }
       },
       {
          "id":"US@California@06",
          "country":"US",
          "state":"California",
          "county":"",
          "fips":"06",
          "last_updated":"2020-05-30",
          "latest":{
             "confirmed":6,
             "deaths":0
          }
       },
       {
          "id":"US@Arizona@04",
          "country":"US",
          "state":"Arizona",
          "county":"",
          "fips":"04",
          "last_updated":"2020-05-30",
          "latest":{
             "confirmed":1,
             "deaths":0
          }
       },
       {
          "id":"US@Massachusetts@25",
          "country":"US",
          "state":"Massachusetts",
          "county":"",
          "fips":"25",
          "last_updated":"2020-05-30",
          "latest":{
             "confirmed":1,
             "deaths":0
          }
       }
    ]
 }