{
    "latest":{
       "confirmed":5,
       "deaths":0
    },
    "locations":[
       {
          "id":"US@Washington@Snohomish@53061",
          "country":"US",
          "last_updated":"2020-05-30",
          "latest":{
             "confirmed":1,
             "deaths":0
          },
          "state":"Washington",
          "county":"Snohomish",
          "fips":"53061"
       },
       {
          "id":"US@Illinois@Cook@17031",
          "country":"US",
          "last_updated":"2020-05-30",
          "latest":{
             "confirmed":1,
             "deaths":0
          },
          "state":"Illinois",
          "county":"Cook",
          "fips":"17031"
       },
       {
          "id":"US@California@Orange@06059",
          "country":"US",
          "last_updated":"2020-05-30",
          "latest":{
             "confirmed":1,
             "deaths":0
          },
          "state":"California",
          "county":"Orange",
          "fips":"06059"
       },
       {
          "id":"US@Arizona@Maricopa@04013",
          "country":"US",
          "last_updated":"2020-05-30",
          "latest":{
             "confirmed":1,
             "deaths":0
          },
          "state":"Arizona",
          "county":"Maricopa",
          "fips":"04013"
       },
       {
          "id":"US@California@Los Angeles@06037",
          "country":"US",
          "last_updated":"2020-05-30",
          "latest":{
             "confirmed":1,
             "deaths":0
          },
          "state":"California",
          "county":"Los Angeles",
          "fips":"06037"
       }
    ]
 }