{
    "latest":{
        "confirmed":122,
        "deaths":18
    },
    "last_updated":"2020-05-30"
}