{
    "latest":{
        "confirmed":2,
        "deaths":0
    },
    "locations":[
        {
            "id":"US@California@Orange@06059",
            "country":"US",
            "last_updated":"2020-05-30",
            "latest":{
                "confirmed":1,
                "deaths":0
            },
            "timelines":{
                "confirmed":{
                    "latest":1,
                    "history":{
                        "2020-01-25":1,
                        "2020-01-26":1
                    }
                },
                "deaths":{
                    "latest":0,
                    "history":{
                        "2020-01-25":0,
                        "2020-01-26":0
                    }
                }
            },
            "properties":{
                "uid":"84006059",
                "iso2":"US",
                "iso3":"USA",
                "code3":"840",
                "fips":"6059",
                "county":"Orange",
                "state":"California",
                "country":"US",
                "coordinates":{
                    "latitude":"33.70147516",
                    "longitude":"-117.7645998"
                },
                "combined_key":"Orange, California, US",
                "population":3175692
            },
            "state":"California",
            "county":"Orange",
            "fips":"06059"
        },
        {
            "id":"US@California@Los Angeles@06037",
            "country":"US",
            "last_updated":"2020-05-30",
            "latest":{
                "confirmed":1,
                "deaths":0
            },
            "timelines":{
                "confirmed":{
                    "latest":1,
                    "history":{
                        "2020-01-26":1
                    }
                },
                "deaths":{
                    "latest":0,
                    "history":{
                        "2020-01-26":0
                    }
                }
            },
            "properties":{
                "uid":"84006037",
                "iso2":"US",
                "iso3":"USA",
                "code3":"840",
                "fips":"6037",
                "county":"Los Angeles",
                "state":"California",
                "country":"US",
                "coordinates":{
                    "latitude":"34.30828379",
                    "longitude":"-118.2282411"
                },
                "combined_key":"Los Angeles, California, US",
                "population":10039107
            },
            "state":"California",
            "county":"Los Angeles",
            "fips":"06037"
        }
    ]
}