{
    "latest":{
        "confirmed":1,
        "deaths":0
    },
    "locations":[
        {
            "id":"US@Washington@Snohomish@53061",
            "country":"US",
            "last_updated":"2020-05-30",
            "latest":{
                "confirmed":1,
                "deaths":0
            },
            "state":"Washington",
            "county":"Snohomish",
            "fips":"53061"
        }
    ]
}