{
    "latest":{
       "confirmed":5,
       "deaths":0
    },
    "locations":[
       {
          "id":"US@Washington@Snohomish@53061",
          "country":"US",
          "last_updated":"2020-05-30",
          "latest":{
             "confirmed":1,
             "deaths":0
          },
          "timelines":{
             "confirmed":{
                "latest":1,
                "history":{
                   "2020-01-21":1,
                   "2020-01-22":1,
                   "2020-01-23":1,
                   "2020-01-24":1,
                   "2020-01-25":1,
                   "2020-01-26":1
                }
             },
             "deaths":{
                "latest":0,
                "history":{
                   "2020-01-21":0,
                   "2020-01-22":0,
                   "2020-01-23":0,
                   "2020-01-24":0,
                   "2020-01-25":0,
                   "2020-01-26":0
                }
             }
          },
          "properties":{
             "uid":"84053061",
             "iso2":"US",
             "iso3":"USA",
             "code3":"840",
             "fips":"53061",
             "county":"Snohomish",
             "state":"Washington",
             "country":"US",
             "coordinates":{
                "latitude":"48.04615983",
                "longitude":"-121.7170703"
             },
             "combined_key":"Snohomish, Washington, US",
             "population":822083
          },
          "state":"Washington",
          "county":"Snohomish",
          "fips":"53061"
       },
       {
          "id":"US@Illinois@Cook@17031",
          "country":"US",
          "last_updated":"2020-05-30",
          "latest":{
             "confirmed":1,
             "deaths":0
          },
          "timelines":{
             "confirmed":{
                "latest":1,
                "history":{
                   "2020-01-24":1,
                   "2020-01-25":1,
                   "2020-01-26":1
                }
             },
             "deaths":{
                "latest":0,
                "history":{
                   "2020-01-24":0,
                   "2020-01-25":0,
                   "2020-01-26":0
                }
             }
          },
          "properties":{
             "uid":"84017031",
             "iso2":"US",
             "iso3":"USA",
             "code3":"840",
             "fips":"17031",
             "county":"Cook",
             "state":"Illinois",
             "country":"US",
             "coordinates":{
                "latitude":"41.84144849",
                "longitude":"-87.81658794"
             },
             "combined_key":"Cook, Illinois, US",
             "population":5150233
          },
          "state":"Illinois",
          "county":"Cook",
          "fips":"17031"
       },
       {
          "id":"US@California@Orange@06059",
          "country":"US",
          "last_updated":"2020-05-30",
          "latest":{
             "confirmed":1,
             "deaths":0
          },
          "timelines":{
             "confirmed":{
                "latest":1,
                "history":{
                   "2020-01-25":1,
                   "2020-01-26":1
                }
             },
             "deaths":{
                "latest":0,
                "history":{
                   "2020-01-25":0,
                   "2020-01-26":0
                }
             }
          },
          "properties":{
             "uid":"84006059",
             "iso2":"US",
             "iso3":"USA",
             "code3":"840",
             "fips":"6059",
             "county":"Orange",
             "state":"California",
             "country":"US",
             "coordinates":{
                "latitude":"33.70147516",
                "longitude":"-117.7645998"
             },
             "combined_key":"Orange, California, US",
             "population":3175692
          },
          "state":"California",
          "county":"Orange",
          "fips":"06059"
       },
       {
          "id":"US@Arizona@Maricopa@04013",
          "country":"US",
          "last_updated":"2020-05-30",
          "latest":{
             "confirmed":1,
             "deaths":0
          },
          "timelines":{
             "confirmed":{
                "latest":1,
                "history":{
                   "2020-01-26":1
                }
             },
             "deaths":{
                "latest":0,
                "history":{
                   "2020-01-26":0
                }
             }
          },
          "properties":{
             "uid":"84004013",
             "iso2":"US",
             "iso3":"USA",
             "code3":"840",
             "fips":"4013",
             "county":"Maricopa",
             "state":"Arizona",
             "country":"US",
             "coordinates":{
                "latitude":"33.34835867",
                "longitude":"-112.4918154"
             },
             "combined_key":"Maricopa, Arizona, US",
             "population":4485414
          },
          "state":"Arizona",
          "county":"Maricopa",
          "fips":"04013"
       },
       {
          "id":"US@California@Los Angeles@06037",
          "country":"US",
          "last_updated":"2020-05-30",
          "latest":{
             "confirmed":1,
             "deaths":0
          },
          "timelines":{
             "confirmed":{
                "latest":1,
                "history":{
                   "2020-01-26":1
                }
             },
             "deaths":{
                "latest":0,
                "history":{
                   "2020-01-26":0
                }
             }
          },
          "properties":{
             "uid":"84006037",
             "iso2":"US",
             "iso3":"USA",
             "code3":"840",
             "fips":"6037",
             "county":"Los Angeles",
             "state":"California",
             "country":"US",
             "coordinates":{
                "latitude":"34.30828379",
                "longitude":"-118.2282411"
             },
             "combined_key":"Los Angeles, California, US",
             "population":10039107
          },
          "state":"California",
          "county":"Los Angeles",
          "fips":"06037"
       }
    ]
 }