{
    "latest":{
        "confirmed":6,
        "deaths":0
    },
    "locations":[
        {
            "id":"US@California@06",
            "country":"US",
            "state":"California",
            "county":"",
            "fips":"06",
            "timelines":{
                "confirmed":{
                    "history":{
                        "2020-01-25":1,
                        "2020-01-26":2,
                        "2020-01-27":2,
                        "2020-01-28":2,
                        "2020-01-29":2,
                        "2020-01-30":2,
                        "2020-01-31":3,
                        "2020-02-01":3,
                        "2020-02-02":6
                    },
                    "latest":6
                },
                "deaths":{
                    "history":{
                        "2020-01-25":0,
                        "2020-01-26":0,
                        "2020-01-27":0,
                        "2020-01-28":0,
                        "2020-01-29":0,
                        "2020-01-30":0,
                        "2020-01-31":0,
                        "2020-02-01":0,
                        "2020-02-02":0
                    },
                    "latest":0
                }
            },
            "last_updated":"2020-05-30",
            "latest":{
                "confirmed":6,
                "deaths":0
            },
            "properties":{
                "uid":"84000006",
                "iso2":"US",
                "iso3":"USA",
                "code3":"840",
                "fips":"6",
                "county":"",
                "state":"California",
                "country":"US",
                "coordinates":{
                    "latitude":"36.1162",
                    "longitude":"-119.6816"
                },
                "combined_key":"California, US",
                "population":39512223
            }
        }
    ]
}