{
    "latest":{
        "confirmed":1,
        "deaths":0
    },
    "locations":[
        {
            "id":"US@Washington@53",
            "country":"US",
            "state":"Washington",
            "county":"",
            "fips":"53",
            "timelines":{
                "confirmed":{
                    "history":{
                        "2020-01-21":1,
                        "2020-01-22":1,
                        "2020-01-23":1,
                        "2020-01-24":1,
                        "2020-01-25":1,
                        "2020-01-26":1,
                        "2020-01-27":1,
                        "2020-01-28":1,
                        "2020-01-29":1,
                        "2020-01-30":1,
                        "2020-01-31":1,
                        "2020-02-01":1,
                        "2020-02-02":1
                    },
                    "latest":1
                },
                "deaths":{
                    "history":{
                        "2020-01-21":0,
                        "2020-01-22":0,
                        "2020-01-23":0,
                        "2020-01-24":0,
                        "2020-01-25":0,
                        "2020-01-26":0,
                        "2020-01-27":0,
                        "2020-01-28":0,
                        "2020-01-29":0,
                        "2020-01-30":0,
                        "2020-01-31":0,
                        "2020-02-01":0,
                        "2020-02-02":0
                    },
                    "latest":0
                }
            },
            "last_updated":"2020-05-30",
            "latest":{
                "confirmed":1,
                "deaths":0
            },
            "properties":{
                "uid":"84000053",
                "iso2":"US",
                "iso3":"USA",
                "code3":"840",
                "fips":"53",
                "county":"",
                "state":"Washington",
                "country":"US",
                "coordinates":{
                    "latitude":"47.4009",
                    "longitude":"-121.4905"
                },
                "combined_key":"Washington, US",
                "population":7614893
            }
        }
    ]
}