{
    "latest":{
        "confirmed":11,
        "deaths":0
    },
    "locations":[
        {
            "id":"US@Washington@53",
            "country":"US",
            "state":"Washington",
            "county":"",
            "fips":"53",
            "timelines":{
                "confirmed":{
                    "history":{
                        "2020-01-21":1,
                        "2020-01-22":1,
                        "2020-01-23":1,
                        "2020-01-24":1,
                        "2020-01-25":1,
                        "2020-01-26":1,
                        "2020-01-27":1,
                        "2020-01-28":1,
                        "2020-01-29":1,
                        "2020-01-30":1,
                        "2020-01-31":1,
                        "2020-02-01":1,
                        "2020-02-02":1
                    },
                    "latest":1
                },
                "deaths":{
                    "history":{
                        "2020-01-21":0,
                        "2020-01-22":0,
                        "2020-01-23":0,
                        "2020-01-24":0,
                        "2020-01-25":0,
                        "2020-01-26":0,
                        "2020-01-27":0,
                        "2020-01-28":0,
                        "2020-01-29":0,
                        "2020-01-30":0,
                        "2020-01-31":0,
                        "2020-02-01":0,
                        "2020-02-02":0
                    },
                    "latest":0
                }
            },
            "last_updated":"2020-05-30",
            "latest":{
                "confirmed":1,
                "deaths":0
            },
            "properties":{
                "uid":"84000053",
                "iso2":"US",
                "iso3":"USA",
                "code3":"840",
                "fips":"53",
                "county":"",
                "state":"Washington",
                "country":"US",
                "coordinates":{
                    "latitude":"47.4009",
                    "longitude":"-121.4905"
                },
                "combined_key":"Washington, US",
                "population":7614893
            }
        },
        {
            "id":"US@Illinois@17",
            "country":"US",
            "state":"Illinois",
            "county":"",
            "fips":"17",
            "timelines":{
                "confirmed":{
                    "history":{
                        "2020-01-24":1,
                        "2020-01-25":1,
                        "2020-01-26":1,
                        "2020-01-27":1,
                        "2020-01-28":1,
                        "2020-01-29":1,
                        "2020-01-30":2,
                        "2020-01-31":2,
                        "2020-02-01":2,
                        "2020-02-02":2
                    },
                    "latest":2
                },
                "deaths":{
                    "history":{
                        "2020-01-24":0,
                        "2020-01-25":0,
                        "2020-01-26":0,
                        "2020-01-27":0,
                        "2020-01-28":0,
                        "2020-01-29":0,
                        "2020-01-30":0,
                        "2020-01-31":0,
                        "2020-02-01":0,
                        "2020-02-02":0
                    },
                    "latest":0
                }
            },
            "last_updated":"2020-05-30",
            "latest":{
                "confirmed":2,
                "deaths":0
            },
            "properties":{
                "uid":"84000017",
                "iso2":"US",
                "iso3":"USA",
                "code3":"840",
                "fips":"17",
                "county":"",
                "state":"Illinois",
                "country":"US",
                "coordinates":{
                    "latitude":"40.3495",
                    "longitude":"-88.9861"
                },
                "combined_key":"Illinois, US",
                "population":12671821
            }
        },
        {
            "id":"US@California@06",
            "country":"US",
            "state":"California",
            "county":"",
            "fips":"06",
            "timelines":{
                "confirmed":{
                    "history":{
                        "2020-01-25":1,
                        "2020-01-26":2,
                        "2020-01-27":2,
                        "2020-01-28":2,
                        "2020-01-29":2,
                        "2020-01-30":2,
                        "2020-01-31":3,
                        "2020-02-01":3,
                        "2020-02-02":6
                    },
                    "latest":6
                },
                "deaths":{
                    "history":{
                        "2020-01-25":0,
                        "2020-01-26":0,
                        "2020-01-27":0,
                        "2020-01-28":0,
                        "2020-01-29":0,
                        "2020-01-30":0,
                        "2020-01-31":0,
                        "2020-02-01":0,
                        "2020-02-02":0
                    },
                    "latest":0
                }
            },
            "last_updated":"2020-05-30",
            "latest":{
                "confirmed":6,
                "deaths":0
            },
            "properties":{
                "uid":"84000006",
                "iso2":"US",
                "iso3":"USA",
                "code3":"840",
                "fips":"6",
                "county":"",
                "state":"California",
                "country":"US",
                "coordinates":{
                    "latitude":"36.1162",
                    "longitude":"-119.6816"
                },
                "combined_key":"California, US",
                "population":39512223
            }
        },
        {
            "id":"US@Arizona@04",
            "country":"US",
            "state":"Arizona",
            "county":"",
            "fips":"04",
            "timelines":{
                "confirmed":{
                    "history":{
                        "2020-01-26":1,
                        "2020-01-27":1,
                        "2020-01-28":1,
                        "2020-01-29":1,
                        "2020-01-30":1,
                        "2020-01-31":1,
                        "2020-02-01":1,
                        "2020-02-02":1
                    },
                    "latest":1
                },
                "deaths":{
                    "history":{
                        "2020-01-26":0,
                        "2020-01-27":0,
                        "2020-01-28":0,
                        "2020-01-29":0,
                        "2020-01-30":0,
                        "2020-01-31":0,
                        "2020-02-01":0,
                        "2020-02-02":0
                    },
                    "latest":0
                }
            },
            "last_updated":"2020-05-30",
            "latest":{
                "confirmed":1,
                "deaths":0
            },
            "properties":{
                "uid":"84000004",
                "iso2":"US",
                "iso3":"USA",
                "code3":"840",
                "fips":"4",
                "county":"",
                "state":"Arizona",
                "country":"US",
                "coordinates":{
                    "latitude":"33.7298",
                    "longitude":"-111.4312"
                },
                "combined_key":"Arizona, US",
                "population":7278717
            }
        },
        {
            "id":"US@Massachusetts@25",
            "country":"US",
            "state":"Massachusetts",
            "county":"",
            "fips":"25",
            "timelines":{
                "confirmed":{
                    "history":{
                        "2020-02-01":1,
                        "2020-02-02":1
                    },
                    "latest":1
                },
                "deaths":{
                    "history":{
                        "2020-02-01":0,
                        "2020-02-02":0
                    },
                    "latest":0
                }
            },
            "last_updated":"2020-05-30",
            "latest":{
                "confirmed":1,
                "deaths":0
            },
            "properties":{
                "uid":"84000025",
                "iso2":"US",
                "iso3":"USA",
                "code3":"840",
                "fips":"25",
                "county":"",
                "state":"Massachusetts",
                "country":"US",
                "coordinates":{
                    "latitude":"42.2302",
                    "longitude":"-71.5301"
                },
                "combined_key":"Massachusetts, US",
                "population":6892503
            }
        }
    ]
}