{
    "latest":{
        "confirmed":1,
        "deaths":0
    },
    "locations":[
        {
            "id":"US@Washington@Snohomish@53061",
            "country":"US",
            "last_updated":"2020-05-30",
            "latest":{
                "confirmed":1,
                "deaths":0
            },
            "timelines":{
                "confirmed":{
                    "latest":1,
                    "history":{
                        "2020-01-21":1,
                        "2020-01-22":1,
                        "2020-01-23":1,
                        "2020-01-24":1,
                        "2020-01-25":1,
                        "2020-01-26":1
                    }
                },
                "deaths":{
                    "latest":0,
                    "history":{
                        "2020-01-21":0,
                        "2020-01-22":0,
                        "2020-01-23":0,
                        "2020-01-24":0,
                        "2020-01-25":0,
                        "2020-01-26":0
                    }
                }
            },
            "properties":{
                "uid":"84053061",
                "iso2":"US",
                "iso3":"USA",
                "code3":"840",
                "fips":"53061",
                "county":"Snohomish",
                "state":"Washington",
                "country":"US",
                "coordinates":{
                    "latitude":"48.04615983",
                    "longitude":"-121.7170703"
                },
                "combined_key":"Snohomish, Washington, US",
                "population":822083
            },
            "state":"Washington",
            "county":"Snohomish",
            "fips":"53061"
        }
    ]
}