{
    "latest":{
        "confirmed":11,
        "deaths":0
    },
    "last_updated":"2020-05-30"
}