{
    "latest":{
       "confirmed":12,
       "deaths":0
    },
    "locations":[
       {
          "id":"US",
          "country":"US",
          "state":"",
          "county":"",
          "fips":"",
          "timelines":{
             "confirmed":{
                "history":{
                   "2020-01-21":1,
                   "2020-01-22":1,
                   "2020-01-23":1,
                   "2020-01-24":2,
                   "2020-01-25":3,
                   "2020-01-26":5,
                   "2020-01-27":5,
                   "2020-01-28":5,
                   "2020-01-29":5,
                   "2020-01-30":6,
                   "2020-01-31":7,
                   "2020-02-01":8,
                   "2020-02-02":11,
                   "2020-02-03":11,
                   "2020-02-04":11,
                   "2020-02-05":12,
                   "2020-02-06":12,
                   "2020-02-07":12,
                   "2020-02-08":12,
                   "2020-02-09":12
                },
                "latest":12
             },
             "deaths":{
                "history":{
                   "2020-01-21":0,
                   "2020-01-22":0,
                   "2020-01-23":0,
                   "2020-01-24":0,
                   "2020-01-25":0,
                   "2020-01-26":0,
                   "2020-01-27":0,
                   "2020-01-28":0,
                   "2020-01-29":0,
                   "2020-01-30":0,
                   "2020-01-31":0,
                   "2020-02-01":0,
                   "2020-02-02":0,
                   "2020-02-03":0,
                   "2020-02-04":0,
                   "2020-02-05":0,
                   "2020-02-06":0,
                   "2020-02-07":0,
                   "2020-02-08":0,
                   "2020-02-09":0
                },
                "latest":0
             }
          },
          "last_updated":"2020-05-30",
          "latest":{
             "confirmed":12,
             "deaths":0
          },
          "properties":{
             "uid":"840",
             "iso2":"US",
             "iso3":"USA",
             "code3":"840",
             "fips":"",
             "county":"",
             "state":"",
             "country":"US",
             "coordinates":{
                "latitude":"37.0902",
                "longitude":"-95.7129"
             },
             "combined_key":"United States",
             "population":329466283
          }
       }
    ]
 }