
  [
    {
      "id": "US@Washington@53",
      "country": "US",
      "state": "Washington",
      "county": "",
      "fips": "53",
      "timelines": {
        "confirmed": {
          "history": {
            "2020-01-21T00:00:00Z": 1,
            "2020-01-22T00:00:00Z": 1,
            "2020-01-23T00:00:00Z": 1,
            "2020-01-24T00:00:00Z": 1,
            "2020-01-25T00:00:00Z": 1,
            "2020-01-26T00:00:00Z": 1,
            "2020-01-27T00:00:00Z": 1,
            "2020-01-28T00:00:00Z": 1,
            "2020-01-29T00:00:00Z": 1,
            "2020-01-30T00:00:00Z": 1,
            "2020-01-31T00:00:00Z": 1,
            "2020-02-01T00:00:00Z": 1,
            "2020-02-02T00:00:00Z": 1
          },
          "latest": 1
        },
        "deaths": {
          "history": {
            "2020-01-21T00:00:00Z": 0,
            "2020-01-22T00:00:00Z": 0,
            "2020-01-23T00:00:00Z": 0,
            "2020-01-24T00:00:00Z": 0,
            "2020-01-25T00:00:00Z": 0,
            "2020-01-26T00:00:00Z": 0,
            "2020-01-27T00:00:00Z": 0,
            "2020-01-28T00:00:00Z": 0,
            "2020-01-29T00:00:00Z": 0,
            "2020-01-30T00:00:00Z": 0,
            "2020-01-31T00:00:00Z": 0,
            "2020-02-01T00:00:00Z": 0,
            "2020-02-02T00:00:00Z": 0
          },
          "latest": 0
        }
      },
      "last_updated": "2020-05-30T09:19:06Z",
      "latest": {
        "confirmed": 1,
        "deaths": 0
      }
    },
    {
      "id": "US@Illinois@17",
      "country": "US",
      "state": "Illinois",
      "county": "",
      "fips": "17",
      "timelines": {
        "confirmed": {
          "history": {
            "2020-01-24T00:00:00Z": 1,
            "2020-01-25T00:00:00Z": 1,
            "2020-01-26T00:00:00Z": 1,
            "2020-01-27T00:00:00Z": 1,
            "2020-01-28T00:00:00Z": 1,
            "2020-01-29T00:00:00Z": 1,
            "2020-01-30T00:00:00Z": 2,
            "2020-01-31T00:00:00Z": 2,
            "2020-02-01T00:00:00Z": 2,
            "2020-02-02T00:00:00Z": 2
          },
          "latest": 2
        },
        "deaths": {
          "history": {
            "2020-01-24T00:00:00Z": 0,
            "2020-01-25T00:00:00Z": 0,
            "2020-01-26T00:00:00Z": 0,
            "2020-01-27T00:00:00Z": 0,
            "2020-01-28T00:00:00Z": 0,
            "2020-01-29T00:00:00Z": 0,
            "2020-01-30T00:00:00Z": 0,
            "2020-01-31T00:00:00Z": 0,
            "2020-02-01T00:00:00Z": 0,
            "2020-02-02T00:00:00Z": 0
          },
          "latest": 0
        }
      },
      "last_updated": "2020-05-30T09:19:06Z",
      "latest": {
        "confirmed": 2,
        "deaths": 0
      }
    },
    {
      "id": "US@California@06",
      "country": "US",
      "state": "California",
      "county": "",
      "fips": "06",
      "timelines": {
        "confirmed": {
          "history": {
            "2020-01-25T00:00:00Z": 1,
            "2020-01-26T00:00:00Z": 2,
            "2020-01-27T00:00:00Z": 2,
            "2020-01-28T00:00:00Z": 2,
            "2020-01-29T00:00:00Z": 2,
            "2020-01-30T00:00:00Z": 2,
            "2020-01-31T00:00:00Z": 3,
            "2020-02-01T00:00:00Z": 3,
            "2020-02-02T00:00:00Z": 6
          },
          "latest": 6
        },
        "deaths": {
          "history": {
            "2020-01-25T00:00:00Z": 0,
            "2020-01-26T00:00:00Z": 0,
            "2020-01-27T00:00:00Z": 0,
            "2020-01-28T00:00:00Z": 0,
            "2020-01-29T00:00:00Z": 0,
            "2020-01-30T00:00:00Z": 0,
            "2020-01-31T00:00:00Z": 0,
            "2020-02-01T00:00:00Z": 0,
            "2020-02-02T00:00:00Z": 0
          },
          "latest": 0
        }
      },
      "last_updated": "2020-05-30T09:19:06Z",
      "latest": {
        "confirmed": 6,
        "deaths": 0
      }
    },{
      "id": "US@Arizona@04",
      "country": "US",
      "state": "Arizona",
      "county": "",
      "fips": "04",
      "timelines": {
        "confirmed": {
          "history": {
            "2020-01-26T00:00:00Z": 1,
            "2020-01-27T00:00:00Z": 1,
            "2020-01-28T00:00:00Z": 1,
            "2020-01-29T00:00:00Z": 1,
            "2020-01-30T00:00:00Z": 1,
            "2020-01-31T00:00:00Z": 1,
            "2020-02-01T00:00:00Z": 1,
            "2020-02-02T00:00:00Z": 1
          },
          "latest": 1
        },
        "deaths": {
          "history": {
            "2020-01-26T00:00:00Z": 0,
            "2020-01-27T00:00:00Z": 0,
            "2020-01-28T00:00:00Z": 0,
            "2020-01-29T00:00:00Z": 0,
            "2020-01-30T00:00:00Z": 0,
            "2020-01-31T00:00:00Z": 0,
            "2020-02-01T00:00:00Z": 0,
            "2020-02-02T00:00:00Z": 0
          },
          "latest": 0
        }
      },
      "last_updated": "2020-05-30T09:19:06Z",
      "latest": {
        "confirmed": 1,
        "deaths": 0
      }
    },
    {
      "id": "US@Massachusetts@25",
      "country": "US",
      "state": "Massachusetts",
      "county": "",
      "fips": "25",
      "timelines": {
        "confirmed": {
          "history": {
            "2020-02-01T00:00:00Z": 1,
            "2020-02-02T00:00:00Z": 1
          },
          "latest": 1
        },
        "deaths": {
          "history": {
            "2020-02-01T00:00:00Z": 0,
            "2020-02-02T00:00:00Z": 0
          },
          "latest": 0
        }
      },
      "last_updated": "2020-05-30T09:19:06Z",
      "latest": {
        "confirmed": 1,
        "deaths": 0
      }
    }
  ]