[
    {
       "id":"US",
       "country":"US",
       "last_updated":"2020-05-30T09:19:06Z",
       "latest":{
          "confirmed":122,
          "deaths":18
       },
       "timelines":{
          "confirmed":{
             "latest":122,
             "history":{
                "2020-02-28T00:00:00Z":2,
                "2020-02-29T00:00:00Z":8,
                "2020-03-01T00:00:00Z":12,
                "2020-03-02T00:00:00Z":19,
                "2020-03-03T00:00:00Z":28,
                "2020-03-04T00:00:00Z":40,
                "2020-03-05T00:00:00Z":70,
                "2020-03-06T00:00:00Z":80,
                "2020-03-07T00:00:00Z":101,
                "2020-03-08T00:00:00Z":122,
                "2020-03-09T00:00:00Z":122
             }
          },
          "deaths":{
             "latest":18,
             "history":{
                "2020-02-28T00:00:00Z":0,
                "2020-02-29T00:00:00Z":1,
                "2020-03-01T00:00:00Z":1,
                "2020-03-02T00:00:00Z":6,
                "2020-03-03T00:00:00Z":7,
                "2020-03-04T00:00:00Z":10,
                "2020-03-05T00:00:00Z":11,
                "2020-03-06T00:00:00Z":13,
                "2020-03-07T00:00:00Z":16,
                "2020-03-08T00:00:00Z":18,
                "2020-03-09T00:00:00Z":18
             }
          }
       },
       "uid":"840",
       "iso2":"US",
       "iso3":"USA",
       "code3":"USA",
       "state":"",
       "county":"",
       "fips":"",
       "latitude":"37.0902",
       "longitude":"-95.7129"
    }
 ]