[
   {
      "id":"US@Washington@Snohomish",
      "country":"US",
      "last_updated":"2020-05-30",
      "latest":{
         "confirmed":31,
         "deaths":1
      },
      "timelines":{
         "confirmed":{
            "latest":31,
            "history":{
               "2020-02-28":0,
               "2020-02-29":1,
               "2020-03-01":2,
               "2020-03-02":4,
               "2020-03-03":6,
               "2020-03-04":8,
               "2020-03-05":18,
               "2020-03-06":19,
               "2020-03-07":27,
               "2020-03-08":31,
               "2020-03-09":31
            }
         },
         "deaths":{
            "latest":1,
            "history":{
               "2020-02-28":0,
               "2020-02-29":0,
               "2020-03-01":0,
               "2020-03-02":1,
               "2020-03-03":1,
               "2020-03-04":1,
               "2020-03-05":1,
               "2020-03-06":1,
               "2020-03-07":1,
               "2020-03-08":1,
               "2020-03-09":1
            }
         }
      },
      "uid":"84053061",
      "iso2":"US",
      "iso3":"USA",
      "code3":"840",
      "state":"Washington",
      "county":"Snohomish",
      "fips":"53061.0",
      "latitude":"48.04615983",
      "longitude":"-121.7170703"
   },
   {
      "id":"US@Washington@King",
      "country":"US",
      "last_updated":"2020-05-30",
      "latest":{
         "confirmed":83,
         "deaths":17
      },
      "timelines":{
         "confirmed":{
            "latest":83,
            "history":{
               "2020-02-28":1,
               "2020-02-29":6,
               "2020-03-01":9,
               "2020-03-02":14,
               "2020-03-03":21,
               "2020-03-04":31,
               "2020-03-05":51,
               "2020-03-06":58,
               "2020-03-07":71,
               "2020-03-08":83,
               "2020-03-09":83
            }
         },
         "deaths":{
            "latest":17,
            "history":{
               "2020-02-28":0,
               "2020-02-29":1,
               "2020-03-01":1,
               "2020-03-02":5,
               "2020-03-03":6,
               "2020-03-04":9,
               "2020-03-05":10,
               "2020-03-06":12,
               "2020-03-07":15,
               "2020-03-08":17,
               "2020-03-09":17
            }
         }
      },
      "uid":"84053033",
      "iso2":"US",
      "iso3":"USA",
      "code3":"840",
      "state":"Washington",
      "county":"King",
      "fips":"53033.0",
      "latitude":"47.49137892",
      "longitude":"-121.8346131"
   },
   {
      "id":"US@Massachusetts@Suffolk",
      "country":"US",
      "last_updated":"2020-05-30",
      "latest":{
         "confirmed":8,
         "deaths":0
      },
      "timelines":{
         "confirmed":{
            "latest":8,
            "history":{
               "2020-02-28":1,
               "2020-02-29":1,
               "2020-03-01":1,
               "2020-03-02":1,
               "2020-03-03":1,
               "2020-03-04":1,
               "2020-03-05":1,
               "2020-03-06":3,
               "2020-03-07":3,
               "2020-03-08":8,
               "2020-03-09":8
            }
         },
         "deaths":{
            "latest":0,
            "history":{
               "2020-02-28":0,
               "2020-02-29":0,
               "2020-03-01":0,
               "2020-03-02":0,
               "2020-03-03":0,
               "2020-03-04":0,
               "2020-03-05":0,
               "2020-03-06":0,
               "2020-03-07":0,
               "2020-03-08":0,
               "2020-03-09":0
            }
         }
      },
      "uid":"84025025",
      "iso2":"US",
      "iso3":"USA",
      "code3":"840",
      "state":"Massachusetts",
      "county":"Suffolk",
      "fips":"25025",
      "latitude":"42.3279514",
      "longitude":"-71.07850442"
   }
]