[
   {
      "id":"US@Washington",
      "country":"US",
      "last_updated":"2020-05-30T09:19:06Z",
      "latest":{
         "confirmed":114,
         "deaths":18
      },
      "timelines":{
         "confirmed":{
            "latest":114,
            "history":{
               "2020-02-28T00:00:00Z":1,
               "2020-02-29T00:00:00Z":7,
               "2020-03-01T00:00:00Z":11,
               "2020-03-02T00:00:00Z":18,
               "2020-03-03T00:00:00Z":27,
               "2020-03-04T00:00:00Z":39,
               "2020-03-05T00:00:00Z":69,
               "2020-03-06T00:00:00Z":77,
               "2020-03-07T00:00:00Z":98,
               "2020-03-08T00:00:00Z":114,
               "2020-03-09T00:00:00Z":114
            }
         },
         "deaths":{
            "latest":18,
            "history":{
               "2020-02-28T00:00:00Z":0,
               "2020-02-29T00:00:00Z":1,
               "2020-03-01T00:00:00Z":1,
               "2020-03-02T00:00:00Z":6,
               "2020-03-03T00:00:00Z":7,
               "2020-03-04T00:00:00Z":10,
               "2020-03-05T00:00:00Z":11,
               "2020-03-06T00:00:00Z":13,
               "2020-03-07T00:00:00Z":16,
               "2020-03-08T00:00:00Z":18,
               "2020-03-09T00:00:00Z":18
            }
         }
      },
      "uid":"84000053",
      "iso2":"US",
      "iso3":"USA",
      "code3":"840",
      "state":"Washington",
      "county":"",
      "fips":"53",
      "latitude":"47.4009",
      "longitude":"-121.4905"
   },
   {
      "id":"US@Massachusetts",
      "country":"US",
      "last_updated":"2020-05-30T09:19:06Z",
      "latest":{
         "confirmed":8,
         "deaths":0
      },
      "timelines":{
         "confirmed":{
            "latest":8,
            "history":{
               "2020-02-28T00:00:00Z":1,
               "2020-02-29T00:00:00Z":1,
               "2020-03-01T00:00:00Z":1,
               "2020-03-02T00:00:00Z":1,
               "2020-03-03T00:00:00Z":1,
               "2020-03-04T00:00:00Z":1,
               "2020-03-05T00:00:00Z":1,
               "2020-03-06T00:00:00Z":3,
               "2020-03-07T00:00:00Z":3,
               "2020-03-08T00:00:00Z":8,
               "2020-03-09T00:00:00Z":8
            }
         },
         "deaths":{
            "latest":0,
            "history":{
               "2020-02-28T00:00:00Z":0,
               "2020-02-29T00:00:00Z":0,
               "2020-03-01T00:00:00Z":0,
               "2020-03-02T00:00:00Z":0,
               "2020-03-03T00:00:00Z":0,
               "2020-03-04T00:00:00Z":0,
               "2020-03-05T00:00:00Z":0,
               "2020-03-06T00:00:00Z":0,
               "2020-03-07T00:00:00Z":0,
               "2020-03-08T00:00:00Z":0,
               "2020-03-09T00:00:00Z":0
            }
         }
      },
      "uid": "84000025",
      "iso2": "US",
      "iso3": "USA",
      "code3": "840",
      "state": "Massachusetts",
      "county": "",
      "fips": "25",
      "latitude": "42.2302" ,
      "longitude": "-71.5301"
   }
]