  [
    {
      "id": "US@Washington@Snohomish@53061",
      "country": "US",
      "state": "Washington",
      "county": "Snohomish",
      "fips": "53061",
      "timelines": {
        "confirmed": {
          "history": {
            "2020-01-21": 1,
            "2020-01-22": 1,
            "2020-01-23": 1,
            "2020-01-24": 1,
            "2020-01-25": 1,
            "2020-01-26": 1
          },
          "latest": 1
        },
        "deaths": {
          "history": {
            "2020-01-21": 0,
            "2020-01-22": 0,
            "2020-01-23": 0,
            "2020-01-24": 0,
            "2020-01-25": 0,
            "2020-01-26": 0
          },
          "latest": 0
        }
      },
      "last_updated": "2020-05-30",
      "latest": {
        "confirmed": 1,
        "deaths": 0
      }
    },
    {
      "id": "US@Illinois@Cook@17031",
      "country": "US",
      "state": "Illinois",
      "county": "Cook",
      "fips": "17031",
      "timelines": {
        "confirmed": {
          "history": {
            "2020-01-24": 1,
            "2020-01-25": 1,
            "2020-01-26": 1
          },
          "latest": 1
        },
        "deaths": {
          "history": {
            "2020-01-24": 0,
            "2020-01-25": 0,
            "2020-01-26": 0
          },
          "latest": 0
        }
      },
      "last_updated": "2020-05-30",
      "latest": {
        "confirmed": 1,
        "deaths": 0
      }
    },
    {
      "id": "US@California@Orange@06059",
      "country": "US",
      "state": "California",
      "county": "Orange",
      "fips": "06059",
      "timelines": {
        "confirmed": {
          "history": {
            "2020-01-25": 1,
            "2020-01-26": 1
          },
          "latest": 1
        },
        "deaths": {
          "history": {
            "2020-01-25": 0,
            "2020-01-26": 0
          },
          "latest": 0
        }
      },
      "last_updated": "2020-05-30",
      "latest": {
        "confirmed": 1,
        "deaths": 0
      }
    },
    {
      "id": "US@Arizona@Maricopa@04013",
      "country": "US",
      "state": "Arizona",
      "county": "Maricopa",
      "fips": "04013",
      "timelines": {
        "confirmed": {
          "history": {
            "2020-01-26": 1
          },
          "latest": 1
        },
        "deaths": {
          "history": {
            "2020-01-26": 0
          },
          "latest": 0
        }
      },
      "last_updated": "2020-05-30",
      "latest": {
        "confirmed": 1,
        "deaths": 0
      }
    },
    {
      "id": "US@California@Los Angeles@06037",
      "country": "US",
      "state": "California",
      "county": "Los Angeles",
      "fips": "06037",
      "timelines": {
        "confirmed": {
          "history": {
            "2020-01-26": 1
          },
          "latest": 1
        },
        "deaths": {
          "history": {
            "2020-01-26": 0
          },
          "latest": 0
        }
      },
      "last_updated": "2020-05-30",
      "latest": {
        "confirmed": 1,
        "deaths": 0
      }
    }
  ]