  [
    {
      "id": "US",
      "country": "US",
      "state": "",
      "county": "",
      "fips": "",
      "timelines": {
        "confirmed": {
          "history": {
            "2020-01-21T00:00:00Z": 1,
            "2020-01-22T00:00:00Z": 1,
            "2020-01-23T00:00:00Z": 1,
            "2020-01-24T00:00:00Z": 2,
            "2020-01-25T00:00:00Z": 3,
            "2020-01-26T00:00:00Z": 5,
            "2020-01-27T00:00:00Z": 5,
            "2020-01-28T00:00:00Z": 5,
            "2020-01-29T00:00:00Z": 5,
            "2020-01-30T00:00:00Z": 6,
            "2020-01-31T00:00:00Z": 7,
            "2020-02-01T00:00:00Z": 8,
            "2020-02-02T00:00:00Z": 11,
            "2020-02-03T00:00:00Z": 11,
            "2020-02-04T00:00:00Z": 11,
            "2020-02-05T00:00:00Z": 12,
            "2020-02-06T00:00:00Z": 12,
            "2020-02-07T00:00:00Z": 12,
            "2020-02-08T00:00:00Z": 12,
            "2020-02-09T00:00:00Z": 12
          },
          "latest": 12
        },
        "deaths": {
          "history": {
            "2020-01-21T00:00:00Z": 0,
            "2020-01-22T00:00:00Z": 0,
            "2020-01-23T00:00:00Z": 0,
            "2020-01-24T00:00:00Z": 0,
            "2020-01-25T00:00:00Z": 0,
            "2020-01-26T00:00:00Z": 0,
            "2020-01-27T00:00:00Z": 0,
            "2020-01-28T00:00:00Z": 0,
            "2020-01-29T00:00:00Z": 0,
            "2020-01-30T00:00:00Z": 0,
            "2020-01-31T00:00:00Z": 0,
            "2020-02-01T00:00:00Z": 0,
            "2020-02-02T00:00:00Z": 0,
            "2020-02-03T00:00:00Z": 0,
            "2020-02-04T00:00:00Z": 0,
            "2020-02-05T00:00:00Z": 0,
            "2020-02-06T00:00:00Z": 0,
            "2020-02-07T00:00:00Z": 0,
            "2020-02-08T00:00:00Z": 0,
            "2020-02-09T00:00:00Z": 0
          },
          "latest": 0
        }
      },
      "last_updated": "2020-05-30T09:19:06Z",
      "latest": {
        "confirmed": 12,
        "deaths": 0
      }
    }
  ]